=== Memulai Pelatihan SNN Multithreading (Phase 7) ===
Memulai Epoch 1...
=== Memulai Pelatihan SNN Multithreading (Phase 7) ===
Memulai Epoch 1...
=== Memulai Pelatihan SNN Multithreading (Phase 7) ===
Memulai Epoch 1...
=== Memulai Pelatihan SNN Multithreading (Phase 7) ===
Memulai Epoch 1...
=== Memulai Pelatihan SNN Multithreading (Phase 7) ===
Memulai Epoch 1...
=== Memulai Pelatihan SNN Multithreading (Phase 7) ===
Memulai Epoch 1...
Epoch   1 | Final Loss: 15.2673
  -> Spikes Fired: 375202 (0.00%) | True ACs: 48025856
🌟 Loss membaik dari 340282346638528859811704183484516925440.0000 ke 15.2673! Menyimpan checkpoint...
Memulai Epoch 2...
=== Memulai Pelatihan SNN Multithreading (Phase 7) ===
Memulai Epoch 1...
Epoch   1 | Final Loss: 19.8040
  -> Spikes Fired: 497784 (0.02%) | True ACs: 63716352
🌟 Loss membaik dari 340282346638528859811704183484516925440.0000 ke 19.8040! Menyimpan checkpoint...
Memulai Epoch 2...
Epoch   2 | Final Loss: 19.9610
  -> Spikes Fired: 1000147 (0.02%) | True ACs: 128018816
Memulai Epoch 3...
Epoch   3 | Final Loss: 20.0566
  -> Spikes Fired: 1503942 (0.02%) | True ACs: 192504576
Memulai Epoch 4...
Epoch   4 | Final Loss: 20.1247
  -> Spikes Fired: 2008416 (0.02%) | True ACs: 257077248
Memulai Epoch 5...
Epoch   5 | Final Loss: 20.1635
  -> Spikes Fired: 2513835 (0.02%) | True ACs: 321770880
=== Memulai Pelatihan SNN Multithreading (Phase 7) ===
Memulai Epoch 1...
=== Memulai Pelatihan SNN Multithreading (Phase 7) ===
Memulai Epoch 1...
Epoch   1 | Final Loss: 22.5166
  -> Spikes Fired: 57008 (0.02%) | True ACs: 7297024
🌟 Loss membaik dari 340282346638528859811704183484516925440.0000 ke 22.5166! Menyimpan checkpoint...
=== Memulai Pelatihan SNN Multithreading (Phase 7) ===
Memulai Epoch 1...
Epoch   1 | Final Loss: 19.4297
  -> Spikes Fired: 4891 (0.02%) | True ACs: 626048
🌟 Loss membaik dari 340282346638528859811704183484516925440.0000 ke 19.4297! Menyimpan checkpoint...
Memulai Epoch 2...
Epoch   2 | Final Loss: 19.5391
  -> Spikes Fired: 9850 (0.03%) | True ACs: 1260800
Memulai Epoch 3...
Epoch   3 | Final Loss: 19.6094
  -> Spikes Fired: 14955 (0.03%) | True ACs: 1914240
Memulai Epoch 4...
Epoch   4 | Final Loss: 19.9062
  -> Spikes Fired: 20218 (0.03%) | True ACs: 2587904
Memulai Epoch 5...
Epoch   5 | Final Loss: 20.5000
  -> Spikes Fired: 25317 (0.03%) | True ACs: 3240576
Memulai Epoch 6...
Epoch   6 | Final Loss: 20.4219
  -> Spikes Fired: 30698 (0.03%) | True ACs: 3929344
Memulai Epoch 7...
Epoch   7 | Final Loss: 19.1016
  -> Spikes Fired: 36020 (0.03%) | True ACs: 4610560
🌟 Loss membaik dari 19.4297 ke 19.1016! Menyimpan checkpoint...
Memulai Epoch 8...
Epoch   8 | Final Loss: 19.8828
  -> Spikes Fired: 41190 (0.03%) | True ACs: 5272320
Memulai Epoch 9...
Epoch   9 | Final Loss: 19.4766
  -> Spikes Fired: 46345 (0.03%) | True ACs: 5932160
Memulai Epoch 10...
Epoch  10 | Final Loss: 19.4297
  -> Spikes Fired: 51542 (0.03%) | True ACs: 6597376
Memulai Epoch 11...
Epoch  11 | Final Loss: 18.3438
  -> Spikes Fired: 56892 (0.03%) | True ACs: 7282176
🌟 Loss membaik dari 19.1016 ke 18.3438! Menyimpan checkpoint...
Memulai Epoch 12...
Epoch  12 | Final Loss: 19.6250
  -> Spikes Fired: 62108 (0.03%) | True ACs: 7949824
Memulai Epoch 13...
Epoch  13 | Final Loss: 18.3516
  -> Spikes Fired: 67305 (0.03%) | True ACs: 8615040
Memulai Epoch 14...
Epoch  14 | Final Loss: 18.2031
  -> Spikes Fired: 72454 (0.03%) | True ACs: 9274112
🌟 Loss membaik dari 18.3438 ke 18.2031! Menyimpan checkpoint...
Memulai Epoch 15...
Epoch  15 | Final Loss: 18.1328
  -> Spikes Fired: 77507 (0.03%) | True ACs: 9920896
🌟 Loss membaik dari 18.2031 ke 18.1328! Menyimpan checkpoint...
Memulai Epoch 16...
Epoch  16 | Final Loss: 17.9688
  -> Spikes Fired: 82651 (0.03%) | True ACs: 10579328
🌟 Loss membaik dari 18.1328 ke 17.9688! Menyimpan checkpoint...
Memulai Epoch 17...
Epoch  17 | Final Loss: 18.1016
  -> Spikes Fired: 87690 (0.03%) | True ACs: 11224320
Memulai Epoch 18...
Epoch  18 | Final Loss: 18.1250
  -> Spikes Fired: 92893 (0.03%) | True ACs: 11890304
Memulai Epoch 19...
Epoch  19 | Final Loss: 18.0625
  -> Spikes Fired: 97936 (0.03%) | True ACs: 12535808
Memulai Epoch 20...
Epoch  20 | Final Loss: 17.9297
  -> Spikes Fired: 103089 (0.03%) | True ACs: 13195392
🌟 Loss membaik dari 17.9688 ke 17.9297! Menyimpan checkpoint...
Memulai Epoch 21...
Epoch  21 | Final Loss: 18.3438
  -> Spikes Fired: 108161 (0.03%) | True ACs: 13844608
Memulai Epoch 22...
Epoch  22 | Final Loss: 18.3594
  -> Spikes Fired: 113405 (0.03%) | True ACs: 14515840
Memulai Epoch 23...
Epoch  23 | Final Loss: 17.4219
  -> Spikes Fired: 118748 (0.03%) | True ACs: 15199744
🌟 Loss membaik dari 17.9297 ke 17.4219! Menyimpan checkpoint...
Memulai Epoch 24...
Epoch  24 | Final Loss: 19.6953
  -> Spikes Fired: 124002 (0.03%) | True ACs: 15872256
Memulai Epoch 25...
Epoch  25 | Final Loss: 18.2969
  -> Spikes Fired: 129247 (0.03%) | True ACs: 16543616
Memulai Epoch 26...
Epoch  26 | Final Loss: 18.6172
  -> Spikes Fired: 134368 (0.03%) | True ACs: 17199104
Memulai Epoch 27...
Epoch  27 | Final Loss: 18.0859
  -> Spikes Fired: 139537 (0.03%) | True ACs: 17860736
Memulai Epoch 28...
Epoch  28 | Final Loss: 17.7422
  -> Spikes Fired: 144610 (0.03%) | True ACs: 18510080
Memulai Epoch 29...
Epoch  29 | Final Loss: 17.6016
  -> Spikes Fired: 149683 (0.03%) | True ACs: 19159424
Memulai Epoch 30...
Epoch  30 | Final Loss: 18.5078
  -> Spikes Fired: 154903 (0.03%) | True ACs: 19827584
Memulai Epoch 31...
Epoch  31 | Final Loss: 17.6094
  -> Spikes Fired: 160260 (0.03%) | True ACs: 20513280
Memulai Epoch 32...
Epoch  32 | Final Loss: 19.3828
  -> Spikes Fired: 165528 (0.03%) | True ACs: 21187584
Memulai Epoch 33...
Epoch  33 | Final Loss: 17.9922
  -> Spikes Fired: 170759 (0.03%) | True ACs: 21857152
Memulai Epoch 34...
Epoch  34 | Final Loss: 18.1172
  -> Spikes Fired: 175795 (0.03%) | True ACs: 22501760
Memulai Epoch 35...
Epoch  35 | Final Loss: 18.6953
  -> Spikes Fired: 180964 (0.03%) | True ACs: 23163392
Memulai Epoch 36...
Epoch  36 | Final Loss: 17.9375
  -> Spikes Fired: 186263 (0.03%) | True ACs: 23841664
Memulai Epoch 37...
Epoch  37 | Final Loss: 19.3438
  -> Spikes Fired: 191572 (0.03%) | True ACs: 24521216
Memulai Epoch 38...
Epoch  38 | Final Loss: 17.9531
  -> Spikes Fired: 196881 (0.03%) | True ACs: 25200768
Memulai Epoch 39...
Epoch  39 | Final Loss: 17.9609
  -> Spikes Fired: 202243 (0.03%) | True ACs: 25887104
Memulai Epoch 40...
Epoch  40 | Final Loss: 18.4922
  -> Spikes Fired: 207458 (0.03%) | True ACs: 26554624
Memulai Epoch 41...
Epoch  41 | Final Loss: 17.6953
  -> Spikes Fired: 212696 (0.03%) | True ACs: 27225088
Memulai Epoch 42...
Epoch  42 | Final Loss: 17.2344
  -> Spikes Fired: 217751 (0.03%) | True ACs: 27872128
🌟 Loss membaik dari 17.4219 ke 17.2344! Menyimpan checkpoint...
Memulai Epoch 43...
Epoch  43 | Final Loss: 17.6250
  -> Spikes Fired: 222801 (0.03%) | True ACs: 28518528
Memulai Epoch 44...
Epoch  44 | Final Loss: 17.4141
  -> Spikes Fired: 227827 (0.03%) | True ACs: 29161856
Memulai Epoch 45...
Epoch  45 | Final Loss: 17.7656
  -> Spikes Fired: 233022 (0.03%) | True ACs: 29826816
Memulai Epoch 46...
Epoch  46 | Final Loss: 17.6797
  -> Spikes Fired: 238313 (0.03%) | True ACs: 30504064
Memulai Epoch 47...
Epoch  47 | Final Loss: 19.2656
  -> Spikes Fired: 243617 (0.03%) | True ACs: 31182976
Memulai Epoch 48...
Epoch  48 | Final Loss: 17.9844
  -> Spikes Fired: 248924 (0.03%) | True ACs: 31862272
Memulai Epoch 49...
Epoch  49 | Final Loss: 17.5312
  -> Spikes Fired: 253960 (0.03%) | True ACs: 32506880
Memulai Epoch 50...
Epoch  50 | Final Loss: 17.3594
  -> Spikes Fired: 259026 (0.03%) | True ACs: 33155328
=== Memulai Pelatihan SNN Multithreading (Phase 7) ===
Memulai Epoch 1...
Epoch   1 | Final Loss: 19.4297
  -> Spikes Fired: 6089 (0.02%) | True ACs: 721024
🌟 Loss membaik dari 340282346638528859811704183484516925440.0000 ke 19.4297! Menyimpan checkpoint...
Memulai Epoch 2...
Epoch   2 | Final Loss: 19.5625
  -> Spikes Fired: 12306 (0.02%) | True ACs: 1458432
Memulai Epoch 3...
Epoch   3 | Final Loss: 20.2812
  -> Spikes Fired: 18891 (0.02%) | True ACs: 2242944
Memulai Epoch 4...
Epoch   4 | Final Loss: 19.8750
  -> Spikes Fired: 25690 (0.02%) | True ACs: 3054848
Memulai Epoch 5...
Epoch   5 | Final Loss: 20.6875
  -> Spikes Fired: 32371 (0.02%) | True ACs: 3851648
Memulai Epoch 6...
Epoch   6 | Final Loss: 19.8828
  -> Spikes Fired: 39268 (0.02%) | True ACs: 4676096
Memulai Epoch 7...
Epoch   7 | Final Loss: 18.3672
  -> Spikes Fired: 46099 (0.02%) | True ACs: 5492096
🌟 Loss membaik dari 19.4297 ke 18.3672! Menyimpan checkpoint...
Memulai Epoch 8...
Epoch   8 | Final Loss: 20.1562
  -> Spikes Fired: 52826 (0.02%) | True ACs: 6294784
Memulai Epoch 9...
Epoch   9 | Final Loss: 19.6406
  -> Spikes Fired: 59473 (0.02%) | True ACs: 7087232
Memulai Epoch 10...
Epoch  10 | Final Loss: 18.7422
  -> Spikes Fired: 66004 (0.02%) | True ACs: 7864832
Memulai Epoch 11...
Epoch  11 | Final Loss: 19.1484
  -> Spikes Fired: 72769 (0.02%) | True ACs: 8672384
Memulai Epoch 12...
Epoch  12 | Final Loss: 18.4609
  -> Spikes Fired: 79858 (0.02%) | True ACs: 9521408
Memulai Epoch 13...
Epoch  13 | Final Loss: 19.6875
  -> Spikes Fired: 86757 (0.02%) | True ACs: 10346112
Memulai Epoch 14...
Epoch  14 | Final Loss: 18.1953
  -> Spikes Fired: 93434 (0.02%) | True ACs: 11142400
🌟 Loss membaik dari 18.3672 ke 18.1953! Menyimpan checkpoint...
Memulai Epoch 15...
Epoch  15 | Final Loss: 18.0703
  -> Spikes Fired: 100057 (0.02%) | True ACs: 11931776
🌟 Loss membaik dari 18.1953 ke 18.0703! Menyimpan checkpoint...
Memulai Epoch 16...
Epoch  16 | Final Loss: 18.2734
  -> Spikes Fired: 106504 (0.02%) | True ACs: 12698624
Memulai Epoch 17...
Epoch  17 | Final Loss: 17.8281
  -> Spikes Fired: 113033 (0.02%) | True ACs: 13475968
🌟 Loss membaik dari 18.0703 ke 17.8281! Menyimpan checkpoint...
Memulai Epoch 18...
Epoch  18 | Final Loss: 17.8359
  -> Spikes Fired: 119424 (0.02%) | True ACs: 14235648
Memulai Epoch 19...
Epoch  19 | Final Loss: 17.9297
  -> Spikes Fired: 125993 (0.02%) | True ACs: 15018112
Memulai Epoch 20...
Epoch  20 | Final Loss: 17.8828
  -> Spikes Fired: 132374 (0.02%) | True ACs: 15776512
Memulai Epoch 21...
Epoch  21 | Final Loss: 17.6562
  -> Spikes Fired: 138869 (0.02%) | True ACs: 16549504
🌟 Loss membaik dari 17.8281 ke 17.6562! Menyimpan checkpoint...
Memulai Epoch 22...
Epoch  22 | Final Loss: 17.9375
  -> Spikes Fired: 145246 (0.02%) | True ACs: 17307392
Memulai Epoch 23...
Epoch  23 | Final Loss: 18.0625
  -> Spikes Fired: 151959 (0.02%) | True ACs: 18108288
Memulai Epoch 24...
Epoch  24 | Final Loss: 17.7734
  -> Spikes Fired: 158890 (0.02%) | True ACs: 18937088
Memulai Epoch 25...
Epoch  25 | Final Loss: 19.1641
  -> Spikes Fired: 165709 (0.02%) | True ACs: 19751552
Memulai Epoch 26...
Epoch  26 | Final Loss: 17.8750
  -> Spikes Fired: 172424 (0.02%) | True ACs: 20552704
Memulai Epoch 27...
Epoch  27 | Final Loss: 18.3203
  -> Spikes Fired: 178979 (0.02%) | True ACs: 21333376
Memulai Epoch 28...
Epoch  28 | Final Loss: 17.5938
  -> Spikes Fired: 185922 (0.02%) | True ACs: 22163712
🌟 Loss membaik dari 17.6562 ke 17.5938! Menyimpan checkpoint...
Memulai Epoch 29...
Epoch  29 | Final Loss: 18.9141
  -> Spikes Fired: 192743 (0.02%) | True ACs: 22978432
Memulai Epoch 30...
Epoch  30 | Final Loss: 17.6406
  -> Spikes Fired: 199454 (0.02%) | True ACs: 23779072
Memulai Epoch 31...
Epoch  31 | Final Loss: 17.6250
  -> Spikes Fired: 206011 (0.02%) | True ACs: 24560000
Memulai Epoch 32...
Epoch  32 | Final Loss: 17.2422
  -> Spikes Fired: 212394 (0.02%) | True ACs: 25318656
🌟 Loss membaik dari 17.5938 ke 17.2422! Menyimpan checkpoint...
Memulai Epoch 33...
Epoch  33 | Final Loss: 17.5000
  -> Spikes Fired: 218785 (0.02%) | True ACs: 26078336
Memulai Epoch 34...
Epoch  34 | Final Loss: 17.4844
  -> Spikes Fired: 225268 (0.02%) | True ACs: 26849792
Memulai Epoch 35...
Epoch  35 | Final Loss: 17.6328
  -> Spikes Fired: 231911 (0.02%) | True ACs: 27641728
Memulai Epoch 36...
Epoch  36 | Final Loss: 17.5938
  -> Spikes Fired: 238850 (0.02%) | True ACs: 28471552
Memulai Epoch 37...
Epoch  37 | Final Loss: 19.0078
  -> Spikes Fired: 245763 (0.02%) | True ACs: 29298048
Memulai Epoch 38...
Epoch  38 | Final Loss: 17.3281
  -> Spikes Fired: 252488 (0.02%) | True ACs: 30100480
Memulai Epoch 39...
Epoch  39 | Final Loss: 17.4844
  -> Spikes Fired: 258871 (0.02%) | True ACs: 30859136
Memulai Epoch 40...
Epoch  40 | Final Loss: 17.3125
  -> Spikes Fired: 265282 (0.02%) | True ACs: 31621376
Memulai Epoch 41...
Epoch  41 | Final Loss: 17.3438
  -> Spikes Fired: 271771 (0.02%) | True ACs: 32393600
Memulai Epoch 42...
Epoch  42 | Final Loss: 17.3125
  -> Spikes Fired: 278148 (0.02%) | True ACs: 33151488
Memulai Epoch 43...
Epoch  43 | Final Loss: 17.5078
  -> Spikes Fired: 284823 (0.02%) | True ACs: 33947520
Memulai Epoch 44...
Epoch  44 | Final Loss: 17.5547
  -> Spikes Fired: 291800 (0.02%) | True ACs: 34782208
Memulai Epoch 45...
Epoch  45 | Final Loss: 18.6641
  -> Spikes Fired: 298515 (0.02%) | True ACs: 35583360
Memulai Epoch 46...
Epoch  46 | Final Loss: 17.2734
  -> Spikes Fired: 305212 (0.02%) | True ACs: 36382208
Memulai Epoch 47...
Epoch  47 | Final Loss: 17.3750
  -> Spikes Fired: 311623 (0.02%) | True ACs: 37144448
Memulai Epoch 48...
Epoch  48 | Final Loss: 17.3203
  -> Spikes Fired: 318032 (0.02%) | True ACs: 37906432
Memulai Epoch 49...
Epoch  49 | Final Loss: 17.1875
  -> Spikes Fired: 324413 (0.02%) | True ACs: 38664832
🌟 Loss membaik dari 17.2422 ke 17.1875! Menyimpan checkpoint...
Memulai Epoch 50...
Epoch  50 | Final Loss: 17.1562
  -> Spikes Fired: 330816 (0.02%) | True ACs: 39426048
🌟 Loss membaik dari 17.1875 ke 17.1562! Menyimpan checkpoint...
=== Memulai Pelatihan SNN Multithreading (Phase 7) ===
Memulai Epoch 1...
Epoch   1 | Final Loss: 19.5547
  -> Spikes Fired: 6093 (0.02%) | True ACs: 721536
🌟 Loss membaik dari 340282346638528859811704183484516925440.0000 ke 19.5547! Menyimpan checkpoint...
Memulai Epoch 2...
Epoch   2 | Final Loss: 19.4844
  -> Spikes Fired: 12324 (0.02%) | True ACs: 1460736
🌟 Loss membaik dari 19.5547 ke 19.4844! Menyimpan checkpoint...
Memulai Epoch 3...
Epoch   3 | Final Loss: 20.1484
  -> Spikes Fired: 18979 (0.02%) | True ACs: 2254208
Memulai Epoch 4...
Epoch   4 | Final Loss: 19.5000
  -> Spikes Fired: 25946 (0.02%) | True ACs: 3087616
Memulai Epoch 5...
Epoch   5 | Final Loss: 20.7734
  -> Spikes Fired: 32463 (0.02%) | True ACs: 3863424
Memulai Epoch 6...
Epoch   6 | Final Loss: 20.2891
  -> Spikes Fired: 39154 (0.02%) | True ACs: 4661504
Memulai Epoch 7...
Epoch   7 | Final Loss: 19.7734
  -> Spikes Fired: 45827 (0.02%) | True ACs: 5457280
Memulai Epoch 8...
Epoch   8 | Final Loss: 18.9922
  -> Spikes Fired: 52088 (0.02%) | True ACs: 6200320
🌟 Loss membaik dari 19.4844 ke 18.9922! Menyimpan checkpoint...
Memulai Epoch 9...
Epoch   9 | Final Loss: 19.0625
  -> Spikes Fired: 58693 (0.02%) | True ACs: 6987392
Memulai Epoch 10...
Epoch  10 | Final Loss: 18.6641
  -> Spikes Fired: 65180 (0.02%) | True ACs: 7759360
🌟 Loss membaik dari 18.9922 ke 18.6641! Menyimpan checkpoint...
Memulai Epoch 11...
Epoch  11 | Final Loss: 18.0703
  -> Spikes Fired: 71899 (0.02%) | True ACs: 8561024
🌟 Loss membaik dari 18.6641 ke 18.0703! Menyimpan checkpoint...
Memulai Epoch 12...
Epoch  12 | Final Loss: 19.5469
  -> Spikes Fired: 78616 (0.02%) | True ACs: 9362432
Memulai Epoch 13...
Epoch  13 | Final Loss: 18.9609
  -> Spikes Fired: 85423 (0.02%) | True ACs: 10175360
Memulai Epoch 14...
Epoch  14 | Final Loss: 18.1328
  -> Spikes Fired: 92028 (0.02%) | True ACs: 10962432
Memulai Epoch 15...
Epoch  15 | Final Loss: 17.6641
  -> Spikes Fired: 98405 (0.02%) | True ACs: 11720320
🌟 Loss membaik dari 18.0703 ke 17.6641! Menyimpan checkpoint...
Memulai Epoch 16...
Epoch  16 | Final Loss: 17.6719
  -> Spikes Fired: 104820 (0.02%) | True ACs: 12483072
Memulai Epoch 17...
Epoch  17 | Final Loss: 17.9297
  -> Spikes Fired: 111291 (0.02%) | True ACs: 13252992
Memulai Epoch 18...
Epoch  18 | Final Loss: 18.7578
  -> Spikes Fired: 118018 (0.02%) | True ACs: 14055680
Memulai Epoch 19...
Epoch  19 | Final Loss: 17.6172
  -> Spikes Fired: 124935 (0.02%) | True ACs: 14882688
🌟 Loss membaik dari 17.6641 ke 17.6172! Menyimpan checkpoint...
Memulai Epoch 20...
Epoch  20 | Final Loss: 19.5078
  -> Spikes Fired: 131880 (0.02%) | True ACs: 15713280
Memulai Epoch 21...
Epoch  21 | Final Loss: 18.4766
  -> Spikes Fired: 138811 (0.02%) | True ACs: 16542080
Memulai Epoch 22...
Epoch  22 | Final Loss: 18.0156
  -> Spikes Fired: 145784 (0.02%) | True ACs: 17376256
Memulai Epoch 23...
Epoch  23 | Final Loss: 18.9609
  -> Spikes Fired: 152609 (0.02%) | True ACs: 18191488
Memulai Epoch 24...
Epoch  24 | Final Loss: 17.6250
  -> Spikes Fired: 159322 (0.02%) | True ACs: 18992384
Memulai Epoch 25...
Epoch  25 | Final Loss: 17.7344
  -> Spikes Fired: 166047 (0.02%) | True ACs: 19794816
Memulai Epoch 26...
Epoch  26 | Final Loss: 17.6406
  -> Spikes Fired: 172970 (0.02%) | True ACs: 20622592
Memulai Epoch 27...
Epoch  27 | Final Loss: 18.9531
  -> Spikes Fired: 179797 (0.02%) | True ACs: 21438080
Memulai Epoch 28...
Epoch  28 | Final Loss: 17.7188
  -> Spikes Fired: 186538 (0.02%) | True ACs: 22242560
Memulai Epoch 29...
Epoch  29 | Final Loss: 18.7266
  -> Spikes Fired: 193207 (0.02%) | True ACs: 23037824
Memulai Epoch 30...
Epoch  30 | Final Loss: 18.1328
  -> Spikes Fired: 199924 (0.02%) | True ACs: 23839232
Memulai Epoch 31...
Epoch  31 | Final Loss: 17.4766
  -> Spikes Fired: 206683 (0.02%) | True ACs: 24646016
🌟 Loss membaik dari 17.6172 ke 17.4766! Menyimpan checkpoint...
Memulai Epoch 32...
Epoch  32 | Final Loss: 18.7031
  -> Spikes Fired: 213322 (0.02%) | True ACs: 25437440
Memulai Epoch 33...
Epoch  33 | Final Loss: 17.7734
  -> Spikes Fired: 220217 (0.02%) | True ACs: 26261632
Memulai Epoch 34...
Epoch  34 | Final Loss: 17.4766
  -> Spikes Fired: 227026 (0.02%) | True ACs: 27074816
Memulai Epoch 35...
Epoch  35 | Final Loss: 18.8281
  -> Spikes Fired: 233859 (0.02%) | True ACs: 27891072
Memulai Epoch 36...
Epoch  36 | Final Loss: 17.8672
  -> Spikes Fired: 240514 (0.02%) | True ACs: 28684544
Memulai Epoch 37...
Epoch  37 | Final Loss: 17.7188
  -> Spikes Fired: 246955 (0.02%) | True ACs: 29450624
Memulai Epoch 38...
Epoch  38 | Final Loss: 17.4531
  -> Spikes Fired: 253336 (0.02%) | True ACs: 30209024
🌟 Loss membaik dari 17.4766 ke 17.4531! Menyimpan checkpoint...
Memulai Epoch 39...
Epoch  39 | Final Loss: 17.1562
  -> Spikes Fired: 259693 (0.02%) | True ACs: 30964352
🌟 Loss membaik dari 17.4531 ke 17.1562! Menyimpan checkpoint...
Memulai Epoch 40...
Epoch  40 | Final Loss: 17.1875
  -> Spikes Fired: 266108 (0.02%) | True ACs: 31727104
Memulai Epoch 41...
Epoch  41 | Final Loss: 18.1016
  -> Spikes Fired: 272895 (0.02%) | True ACs: 32537472
Memulai Epoch 42...
Epoch  42 | Final Loss: 17.9062
  -> Spikes Fired: 279838 (0.02%) | True ACs: 33367808
Memulai Epoch 43...
Epoch  43 | Final Loss: 19.0000
  -> Spikes Fired: 286647 (0.02%) | True ACs: 34180992
Memulai Epoch 44...
Epoch  44 | Final Loss: 17.6250
  -> Spikes Fired: 293430 (0.02%) | True ACs: 34990848
Memulai Epoch 45...
Epoch  45 | Final Loss: 17.2031
  -> Spikes Fired: 299787 (0.02%) | True ACs: 35746176
Memulai Epoch 46...
Epoch  46 | Final Loss: 17.2734
  -> Spikes Fired: 306166 (0.02%) | True ACs: 36504320
Memulai Epoch 47...
Epoch  47 | Final Loss: 17.2500
  -> Spikes Fired: 312545 (0.02%) | True ACs: 37262464
Memulai Epoch 48...
Epoch  48 | Final Loss: 17.5234
  -> Spikes Fired: 318974 (0.02%) | True ACs: 38027008
Memulai Epoch 49...
Epoch  49 | Final Loss: 17.5469
  -> Spikes Fired: 325715 (0.02%) | True ACs: 38831488
Memulai Epoch 50...
Epoch  50 | Final Loss: 18.0938
  -> Spikes Fired: 332324 (0.02%) | True ACs: 39619072
=== Memulai Pelatihan SNN Multithreading (Phase 7) ===
Memulai Epoch 1...
Epoch   1 | Final Loss: 19.4297
  -> Spikes Fired: 6089 (0.02%) | True ACs: 721024
🌟 Loss membaik dari 340282346638528859811704183484516925440.0000 ke 19.4297! Menyimpan checkpoint...
Memulai Epoch 2...
Epoch   2 | Final Loss: 19.6875
  -> Spikes Fired: 12324 (0.02%) | True ACs: 1460736
Memulai Epoch 3...
Epoch   3 | Final Loss: 19.9141
  -> Spikes Fired: 18663 (0.02%) | True ACs: 2213760
Memulai Epoch 4...
Epoch   4 | Final Loss: 19.6875
  -> Spikes Fired: 25746 (0.02%) | True ACs: 3062016
Memulai Epoch 5...
Epoch   5 | Final Loss: 20.3906
  -> Spikes Fired: 32183 (0.02%) | True ACs: 3827584
Memulai Epoch 6...
Epoch   6 | Final Loss: 19.9219
  -> Spikes Fired: 38752 (0.02%) | True ACs: 4610048
Memulai Epoch 7...
Epoch   7 | Final Loss: 19.7734
  -> Spikes Fired: 45991 (0.02%) | True ACs: 5478272
Memulai Epoch 8...
Epoch   8 | Final Loss: 19.8203
  -> Spikes Fired: 52742 (0.02%) | True ACs: 6284032
Memulai Epoch 9...
Epoch   9 | Final Loss: 19.1484
  -> Spikes Fired: 59423 (0.02%) | True ACs: 7080832
🌟 Loss membaik dari 19.4297 ke 19.1484! Menyimpan checkpoint...
Memulai Epoch 10...
Epoch  10 | Final Loss: 19.8281
  -> Spikes Fired: 66130 (0.02%) | True ACs: 7880960
Memulai Epoch 11...
Epoch  11 | Final Loss: 19.3359
  -> Spikes Fired: 72969 (0.02%) | True ACs: 8697984
Memulai Epoch 12...
Epoch  12 | Final Loss: 18.3047
  -> Spikes Fired: 79798 (0.02%) | True ACs: 9513728
🌟 Loss membaik dari 19.1484 ke 18.3047! Menyimpan checkpoint...
Memulai Epoch 13...
Epoch  13 | Final Loss: 19.1797
  -> Spikes Fired: 86471 (0.02%) | True ACs: 10309504
Memulai Epoch 14...
Epoch  14 | Final Loss: 19.1094
  -> Spikes Fired: 93248 (0.02%) | True ACs: 11118592
Memulai Epoch 15...
Epoch  15 | Final Loss: 18.2734
  -> Spikes Fired: 99849 (0.02%) | True ACs: 11905152
🌟 Loss membaik dari 18.3047 ke 18.2734! Menyimpan checkpoint...
Memulai Epoch 16...
Epoch  16 | Final Loss: 17.8438
  -> Spikes Fired: 106268 (0.02%) | True ACs: 12668416
🌟 Loss membaik dari 18.2734 ke 17.8438! Menyimpan checkpoint...
Memulai Epoch 17...
Epoch  17 | Final Loss: 18.2031
  -> Spikes Fired: 112683 (0.02%) | True ACs: 13431168
Memulai Epoch 18...
Epoch  18 | Final Loss: 18.4062
  -> Spikes Fired: 119282 (0.02%) | True ACs: 14217472
Memulai Epoch 19...
Epoch  19 | Final Loss: 18.2344
  -> Spikes Fired: 125919 (0.02%) | True ACs: 15008640
Memulai Epoch 20...
Epoch  20 | Final Loss: 17.7031
  -> Spikes Fired: 132830 (0.02%) | True ACs: 15834880
🌟 Loss membaik dari 17.8438 ke 17.7031! Menyimpan checkpoint...
Memulai Epoch 21...
Epoch  21 | Final Loss: 19.4297
  -> Spikes Fired: 139727 (0.02%) | True ACs: 16659328
Memulai Epoch 22...
Epoch  22 | Final Loss: 18.3047
  -> Spikes Fired: 146700 (0.02%) | True ACs: 17493504
Memulai Epoch 23...
Epoch  23 | Final Loss: 17.8516
  -> Spikes Fired: 153663 (0.02%) | True ACs: 18326400
Memulai Epoch 24...
Epoch  24 | Final Loss: 19.2109
  -> Spikes Fired: 160448 (0.02%) | True ACs: 19136512
Memulai Epoch 25...
Epoch  25 | Final Loss: 17.5391
  -> Spikes Fired: 167151 (0.02%) | True ACs: 19936128
🌟 Loss membaik dari 17.7031 ke 17.5391! Menyimpan checkpoint...
Memulai Epoch 26...
Epoch  26 | Final Loss: 18.9375
  -> Spikes Fired: 173764 (0.02%) | True ACs: 20724224
Memulai Epoch 27...
Epoch  27 | Final Loss: 18.5156
  -> Spikes Fired: 180605 (0.02%) | True ACs: 21541504
Memulai Epoch 28...
Epoch  28 | Final Loss: 17.5156
  -> Spikes Fired: 187434 (0.02%) | True ACs: 22357248
🌟 Loss membaik dari 17.5391 ke 17.5156! Menyimpan checkpoint...
Memulai Epoch 29...
Epoch  29 | Final Loss: 18.8984
  -> Spikes Fired: 194037 (0.02%) | True ACs: 23144064
Memulai Epoch 30...
Epoch  30 | Final Loss: 17.4453
  -> Spikes Fired: 200662 (0.02%) | True ACs: 23933696
🌟 Loss membaik dari 17.5156 ke 17.4453! Menyimpan checkpoint...
Memulai Epoch 31...
Epoch  31 | Final Loss: 17.4297
  -> Spikes Fired: 207003 (0.02%) | True ACs: 24686976
🌟 Loss membaik dari 17.4453 ke 17.4297! Menyimpan checkpoint...
Memulai Epoch 32...
Epoch  32 | Final Loss: 17.4766
  -> Spikes Fired: 213440 (0.02%) | True ACs: 25452544
Memulai Epoch 33...
Epoch  33 | Final Loss: 17.3359
  -> Spikes Fired: 219773 (0.02%) | True ACs: 26204800
🌟 Loss membaik dari 17.4297 ke 17.3359! Menyimpan checkpoint...
Memulai Epoch 34...
Epoch  34 | Final Loss: 17.8594
  -> Spikes Fired: 226190 (0.02%) | True ACs: 26967808
Memulai Epoch 35...
Epoch  35 | Final Loss: 17.8281
  -> Spikes Fired: 232891 (0.02%) | True ACs: 27767168
Memulai Epoch 36...
Epoch  36 | Final Loss: 17.9219
  -> Spikes Fired: 239768 (0.02%) | True ACs: 28589056
Memulai Epoch 37...
Epoch  37 | Final Loss: 19.2734
  -> Spikes Fired: 246561 (0.02%) | True ACs: 29400192
Memulai Epoch 38...
Epoch  38 | Final Loss: 17.3984
  -> Spikes Fired: 253170 (0.02%) | True ACs: 30187776
Memulai Epoch 39...
Epoch  39 | Final Loss: 17.3359
  -> Spikes Fired: 259521 (0.02%) | True ACs: 30942336
Memulai Epoch 40...
Epoch  40 | Final Loss: 17.2578
  -> Spikes Fired: 265890 (0.02%) | True ACs: 31699200
🌟 Loss membaik dari 17.3359 ke 17.2578! Menyimpan checkpoint...
Memulai Epoch 41...
Epoch  41 | Final Loss: 17.5234
  -> Spikes Fired: 272685 (0.02%) | True ACs: 32510592
Memulai Epoch 42...
Epoch  42 | Final Loss: 18.4219
  -> Spikes Fired: 279418 (0.02%) | True ACs: 33314048
Memulai Epoch 43...
Epoch  43 | Final Loss: 18.1328
  -> Spikes Fired: 286433 (0.02%) | True ACs: 34153600
Memulai Epoch 44...
Epoch  44 | Final Loss: 17.7656
  -> Spikes Fired: 293424 (0.02%) | True ACs: 34990080
Memulai Epoch 45...
Epoch  45 | Final Loss: 17.9219
  -> Spikes Fired: 300141 (0.02%) | True ACs: 35791488
Memulai Epoch 46...
Epoch  46 | Final Loss: 17.4766
  -> Spikes Fired: 306870 (0.02%) | True ACs: 36594432
Memulai Epoch 47...
Epoch  47 | Final Loss: 18.0625
  -> Spikes Fired: 313415 (0.02%) | True ACs: 37373824
Memulai Epoch 48...
Epoch  48 | Final Loss: 17.9453
  -> Spikes Fired: 320122 (0.02%) | True ACs: 38173952
Memulai Epoch 49...
Epoch  49 | Final Loss: 17.7031
  -> Spikes Fired: 326897 (0.02%) | True ACs: 38982784
Memulai Epoch 50...
Epoch  50 | Final Loss: 18.3203
  -> Spikes Fired: 333566 (0.02%) | True ACs: 39778048
=== Memulai Pelatihan SNN Multithreading (Phase 7) ===
Memulai Epoch 1...
Epoch   1 | Final Loss: 51.1328
  -> Spikes Fired: 1003518 (2.50%) | True ACs: 127035904
🌟 Loss membaik dari 340282346638528859811704183484516925440.0000 ke 51.1328! Menyimpan checkpoint...
Memulai Epoch 2...
Epoch   2 | Final Loss: 52.1797
  -> Spikes Fired: 2075767 (2.58%) | True ACs: 262869376
Memulai Epoch 3...
Epoch   3 | Final Loss: 52.3359
  -> Spikes Fired: 3128711 (2.60%) | True ACs: 396231808
Memulai Epoch 4...
Epoch   4 | Final Loss: 52.3359
  -> Spikes Fired: 4181655 (2.60%) | True ACs: 529594240
Memulai Epoch 5...
Epoch   5 | Final Loss: 52.3359
  -> Spikes Fired: 5234599 (2.61%) | True ACs: 662956672
Memulai Epoch 6...
Epoch   6 | Final Loss: 52.3359
  -> Spikes Fired: 6287543 (2.61%) | True ACs: 796319104
Memulai Epoch 7...
Epoch   7 | Final Loss: 52.3359
  -> Spikes Fired: 7340487 (2.61%) | True ACs: 929681536
Memulai Epoch 8...
Epoch   8 | Final Loss: 52.3359
  -> Spikes Fired: 8393431 (2.61%) | True ACs: 1063043968
Memulai Epoch 9...
Epoch   9 | Final Loss: 52.3359
  -> Spikes Fired: 9446375 (2.61%) | True ACs: 1196406400
Memulai Epoch 10...
Epoch  10 | Final Loss: 52.3359
  -> Spikes Fired: 10499319 (2.61%) | True ACs: 1329768832
Memulai Epoch 11...
Epoch  11 | Final Loss: 52.3359
  -> Spikes Fired: 11552263 (2.61%) | True ACs: 1463131264
Memulai Epoch 12...
Epoch  12 | Final Loss: 52.3359
  -> Spikes Fired: 12605207 (2.61%) | True ACs: 1596493696
Memulai Epoch 13...
Epoch  13 | Final Loss: 52.3359
  -> Spikes Fired: 13658151 (2.61%) | True ACs: 1729856128
Memulai Epoch 14...
Epoch  14 | Final Loss: 52.3359
  -> Spikes Fired: 14711095 (2.61%) | True ACs: 1863218560
Memulai Epoch 15...
Epoch  15 | Final Loss: 52.3359
  -> Spikes Fired: 15764039 (2.62%) | True ACs: 1996580992
Memulai Epoch 16...
Epoch  16 | Final Loss: 52.3359
  -> Spikes Fired: 16816983 (2.62%) | True ACs: 2129943424
Memulai Epoch 17...
Epoch  17 | Final Loss: 52.3359
  -> Spikes Fired: 17869927 (2.62%) | True ACs: 2263305856
Memulai Epoch 18...
Epoch  18 | Final Loss: 52.3359
  -> Spikes Fired: 18922871 (2.62%) | True ACs: 2396668288
Memulai Epoch 19...
Epoch  19 | Final Loss: 52.3359
  -> Spikes Fired: 19975815 (2.62%) | True ACs: 2530030720
Memulai Epoch 20...
Epoch  20 | Final Loss: 52.3359
  -> Spikes Fired: 21028759 (2.62%) | True ACs: 2663393152
Memulai Epoch 21...
Epoch  21 | Final Loss: 52.3359
  -> Spikes Fired: 22081703 (2.62%) | True ACs: 2796755584
Memulai Epoch 22...
Epoch  22 | Final Loss: 52.3359
  -> Spikes Fired: 23134647 (2.62%) | True ACs: 2930118016
Memulai Epoch 23...
Epoch  23 | Final Loss: 52.3359
  -> Spikes Fired: 24187591 (2.62%) | True ACs: 3063480448
Memulai Epoch 24...
Epoch  24 | Final Loss: 52.3359
  -> Spikes Fired: 25240535 (2.62%) | True ACs: 3196842880
Memulai Epoch 25...
Epoch  25 | Final Loss: 52.3359
  -> Spikes Fired: 26293479 (2.62%) | True ACs: 3330205312
Memulai Epoch 26...
Epoch  26 | Final Loss: 52.3359
  -> Spikes Fired: 27346423 (2.62%) | True ACs: 3463567744
Memulai Epoch 27...
Epoch  27 | Final Loss: 52.3359
  -> Spikes Fired: 28399367 (2.62%) | True ACs: 3596930176
Memulai Epoch 28...
Epoch  28 | Final Loss: 52.3359
  -> Spikes Fired: 29452311 (2.62%) | True ACs: 3730292608
Memulai Epoch 29...
Epoch  29 | Final Loss: 52.3359
  -> Spikes Fired: 30505255 (2.62%) | True ACs: 3863655040
Memulai Epoch 30...
Epoch  30 | Final Loss: 52.3359
  -> Spikes Fired: 31558199 (2.62%) | True ACs: 3997017472
Memulai Epoch 31...
Epoch  31 | Final Loss: 52.3359
  -> Spikes Fired: 32611143 (2.62%) | True ACs: 4130379904
Memulai Epoch 32...
Epoch  32 | Final Loss: 52.3359
  -> Spikes Fired: 33664087 (2.62%) | True ACs: 4263742336
Memulai Epoch 33...
Epoch  33 | Final Loss: 52.3359
  -> Spikes Fired: 34717031 (2.62%) | True ACs: 4397104768
Memulai Epoch 34...
Epoch  34 | Final Loss: 52.3359
  -> Spikes Fired: 35769975 (2.62%) | True ACs: 4530467200
Memulai Epoch 35...
Epoch  35 | Final Loss: 52.3359
  -> Spikes Fired: 36822919 (2.62%) | True ACs: 4663829632
Memulai Epoch 36...
Epoch  36 | Final Loss: 52.3359
  -> Spikes Fired: 37875863 (2.62%) | True ACs: 4797192064
Memulai Epoch 37...
Epoch  37 | Final Loss: 52.3359
  -> Spikes Fired: 38928807 (2.62%) | True ACs: 4930554496
Memulai Epoch 38...
=== Memulai Pelatihan SNN Multithreading (Phase 7) ===
Memulai Epoch 1...
Epoch   1 | Final Loss: 52.2031
  -> Spikes Fired: 895794 (2.23%) | True ACs: 113143360
🌟 Loss membaik dari 340282346638528859811704183484516925440.0000 ke 52.2031! Menyimpan checkpoint...
Memulai Epoch 2...
Epoch   2 | Final Loss: 55.5469
  -> Spikes Fired: 1831110 (2.28%) | True ACs: 231345536
Memulai Epoch 3...
Epoch   3 | Final Loss: 55.0234
  -> Spikes Fired: 2854602 (2.37%) | True ACs: 360834240
Memulai Epoch 4...
Epoch   4 | Final Loss: 55.5469
  -> Spikes Fired: 3903843 (2.43%) | True ACs: 493618816
Memulai Epoch 5...
Epoch   5 | Final Loss: 54.2578
  -> Spikes Fired: 4920870 (2.45%) | True ACs: 622280000
Memulai Epoch 6...
Epoch   6 | Final Loss: 54.7578
  -> Spikes Fired: 5974651 (2.48%) | True ACs: 755645696
Memulai Epoch 7...
Epoch   7 | Final Loss: 55.1484
  -> Spikes Fired: 7038848 (2.50%) | True ACs: 890344640
Memulai Epoch 8...
Epoch   8 | Final Loss: 55.1328
  -> Spikes Fired: 8092252 (2.52%) | True ACs: 1023662080
Memulai Epoch 9...
Epoch   9 | Final Loss: 55.1484
  -> Spikes Fired: 9144893 (2.53%) | True ACs: 1156881856
Memulai Epoch 10...
Epoch  10 | Final Loss: 55.1484
  -> Spikes Fired: 10197443 (2.54%) | True ACs: 1290089984
Memulai Epoch 11...
Epoch  11 | Final Loss: 55.1484
  -> Spikes Fired: 11250079 (2.55%) | True ACs: 1423309120
Memulai Epoch 12...
Epoch  12 | Final Loss: 55.1484
  -> Spikes Fired: 12302410 (2.55%) | True ACs: 1556489216
Memulai Epoch 13...
Epoch  13 | Final Loss: 55.1484
  -> Spikes Fired: 13355247 (2.56%) | True ACs: 1689734080
Memulai Epoch 14...
Epoch  14 | Final Loss: 55.1484
  -> Spikes Fired: 14409733 (2.56%) | True ACs: 1823190016
Memulai Epoch 15...
Epoch  15 | Final Loss: 54.7969
  -> Spikes Fired: 15488526 (2.57%) | True ACs: 1959757248
Memulai Epoch 16...
Epoch  16 | Final Loss: 54.7969
  -> Spikes Fired: 16567725 (2.58%) | True ACs: 2096376448
Memulai Epoch 17...
Epoch  17 | Final Loss: 54.7969
  -> Spikes Fired: 17647007 (2.58%) | True ACs: 2233006272
Memulai Epoch 18...
Epoch  18 | Final Loss: 54.7969
  -> Spikes Fired: 18726451 (2.59%) | True ACs: 2369656832
Memulai Epoch 19...
Epoch  19 | Final Loss: 54.7969
  -> Spikes Fired: 19806061 (2.59%) | True ACs: 2506328640
Memulai Epoch 20...
Epoch  20 | Final Loss: 54.7969
  -> Spikes Fired: 20885711 (2.60%) | True ACs: 2643005568
Memulai Epoch 21...
Epoch  21 | Final Loss: 54.7969
  -> Spikes Fired: 21965760 (2.60%) | True ACs: 2779733568
Memulai Epoch 22...
Epoch  22 | Final Loss: 54.7969
  -> Spikes Fired: 23046026 (2.61%) | True ACs: 2916489344
Memulai Epoch 23...
Epoch  23 | Final Loss: 54.7969
  -> Spikes Fired: 24126213 (2.61%) | True ACs: 3053235008
Memulai Epoch 24...
Epoch  24 | Final Loss: 54.7969
  -> Spikes Fired: 25206668 (2.61%) | True ACs: 3190014976
Memulai Epoch 25...
Epoch  25 | Final Loss: 54.7969
  -> Spikes Fired: 26287393 (2.62%) | True ACs: 3326829504
Memulai Epoch 26...
Epoch  26 | Final Loss: 54.7969
  -> Spikes Fired: 27368512 (2.62%) | True ACs: 3463694464
Memulai Epoch 27...
Epoch  27 | Final Loss: 54.7969
  -> Spikes Fired: 28449845 (2.62%) | True ACs: 3600586816
Memulai Epoch 28...
Epoch  28 | Final Loss: 54.7969
  -> Spikes Fired: 29531169 (2.62%) | True ACs: 3737478016
Memulai Epoch 29...
Epoch  29 | Final Loss: 54.6719
  -> Spikes Fired: 30620909 (2.63%) | True ACs: 3875446464
Memulai Epoch 30...
Epoch  30 | Final Loss: 54.6406
  -> Spikes Fired: 31713110 (2.63%) | True ACs: 4013729920
Memulai Epoch 31...
Epoch  31 | Final Loss: 54.6406
  -> Spikes Fired: 32805062 (2.63%) | True ACs: 4151981504
Memulai Epoch 32...
Epoch  32 | Final Loss: 54.6406
  -> Spikes Fired: 33896817 (2.64%) | True ACs: 4290207872
Memulai Epoch 33...
Epoch  33 | Final Loss: 54.6406
  -> Spikes Fired: 34988812 (2.64%) | True ACs: 4428464960
Memulai Epoch 34...
Epoch  34 | Final Loss: 54.6406
  -> Spikes Fired: 36080485 (2.64%) | True ACs: 4566680832
Memulai Epoch 35...
Epoch  35 | Final Loss: 54.6406
  -> Spikes Fired: 37172140 (2.64%) | True ACs: 4704894400
Memulai Epoch 36...
Epoch  36 | Final Loss: 54.6406
  -> Spikes Fired: 38263746 (2.64%) | True ACs: 4843101696
Memulai Epoch 37...
Epoch  37 | Final Loss: 54.6406
  -> Spikes Fired: 39355702 (2.65%) | True ACs: 4981353792
Memulai Epoch 38...
Epoch  38 | Final Loss: 54.6406
  -> Spikes Fired: 40447860 (2.65%) | True ACs: 5119631744
Memulai Epoch 39...
Epoch  39 | Final Loss: 54.6406
  -> Spikes Fired: 41539883 (2.65%) | True ACs: 5257892416
Memulai Epoch 40...
Epoch  40 | Final Loss: 54.6406
  -> Spikes Fired: 42631838 (2.65%) | True ACs: 5396144384
Memulai Epoch 41...
Epoch  41 | Final Loss: 54.6406
  -> Spikes Fired: 43723543 (2.65%) | True ACs: 5534364352
Memulai Epoch 42...
Epoch  42 | Final Loss: 54.6406
  -> Spikes Fired: 44814943 (2.66%) | True ACs: 5672545280
Memulai Epoch 43...
Epoch  43 | Final Loss: 54.6406
  -> Spikes Fired: 45905886 (2.66%) | True ACs: 5810667712
Memulai Epoch 44...
Epoch  44 | Final Loss: 54.6406
  -> Spikes Fired: 46994374 (2.66%) | True ACs: 5948475904
Memulai Epoch 45...
Epoch  45 | Final Loss: 54.7969
  -> Spikes Fired: 48076916 (2.66%) | True ACs: 6085523008
Memulai Epoch 46...
Epoch  46 | Final Loss: 54.7969
  -> Spikes Fired: 49159653 (2.66%) | True ACs: 6222595072
Memulai Epoch 47...
Epoch  47 | Final Loss: 54.7969
  -> Spikes Fired: 50242452 (2.66%) | True ACs: 6359675072
Memulai Epoch 48...
Epoch  48 | Final Loss: 54.7969
  -> Spikes Fired: 51325581 (2.66%) | True ACs: 6496797312
Memulai Epoch 49...
Epoch  49 | Final Loss: 54.7969
  -> Spikes Fired: 52404517 (2.66%) | True ACs: 6633382848
Memulai Epoch 50...
Epoch  50 | Final Loss: 54.7969
  -> Spikes Fired: 53487764 (2.66%) | True ACs: 6770520192
=== Memulai Pelatihan SNN Multithreading (Phase 7) ===
Memulai Epoch 1...
Epoch   1 | Final Loss: 52.8047
  -> Spikes Fired: 870556 (2.17%) | True ACs: 110055168
🌟 Loss membaik dari 340282346638528859811704183484516925440.0000 ke 52.8047! Menyimpan checkpoint...
Memulai Epoch 2...
Epoch   2 | Final Loss: 55.3828
  -> Spikes Fired: 1809387 (2.25%) | True ACs: 228849536
Memulai Epoch 3...
Epoch   3 | Final Loss: 55.6250
  -> Spikes Fired: 2778466 (2.30%) | True ACs: 351515648
Memulai Epoch 4...
Epoch   4 | Final Loss: 55.4453
  -> Spikes Fired: 3775373 (2.35%) | True ACs: 477743744
Memulai Epoch 5...
Epoch   5 | Final Loss: 55.4375
  -> Spikes Fired: 4763680 (2.37%) | True ACs: 602871040
Memulai Epoch 6...
Epoch   6 | Final Loss: 55.5781
  -> Spikes Fired: 5720115 (2.37%) | True ACs: 723918720
Memulai Epoch 7...
Epoch   7 | Final Loss: 55.6172
  -> Spikes Fired: 6658476 (2.37%) | True ACs: 842652928
Memulai Epoch 8...
Epoch   8 | Final Loss: 55.6953
  -> Spikes Fired: 7558605 (2.35%) | True ACs: 956493440
Memulai Epoch 9...
Epoch   9 | Final Loss: 55.7891
  -> Spikes Fired: 8433045 (2.33%) | True ACs: 1067045760
Memulai Epoch 10...
Epoch  10 | Final Loss: 55.8125
  -> Spikes Fired: 9309868 (2.32%) | True ACs: 1177903104
Memulai Epoch 11...
Epoch  11 | Final Loss: 55.8203
  -> Spikes Fired: 10217081 (2.31%) | True ACs: 1292650368
Memulai Epoch 12...
Epoch  12 | Final Loss: 55.7656
  -> Spikes Fired: 11134133 (2.31%) | True ACs: 1408657024
Memulai Epoch 13...
Epoch  13 | Final Loss: 55.8203
  -> Spikes Fired: 12046580 (2.31%) | True ACs: 1524074240
Memulai Epoch 14...
Epoch  14 | Final Loss: 55.8125
  -> Spikes Fired: 12957841 (2.30%) | True ACs: 1639339648
Memulai Epoch 15...
Epoch  15 | Final Loss: 55.8125
  -> Spikes Fired: 13873042 (2.30%) | True ACs: 1755109376
Memulai Epoch 16...
Epoch  16 | Final Loss: 55.8125
  -> Spikes Fired: 14791659 (2.30%) | True ACs: 1871316352
Memulai Epoch 17...
Epoch  17 | Final Loss: 55.8125
  -> Spikes Fired: 15699552 (2.30%) | True ACs: 1986150656
Memulai Epoch 18...
Epoch  18 | Final Loss: 55.8516
  -> Spikes Fired: 16605479 (2.30%) | True ACs: 2100733312
Memulai Epoch 19...
Epoch  19 | Final Loss: 55.8516
  -> Spikes Fired: 17511308 (2.29%) | True ACs: 2215303424
Memulai Epoch 20...
Epoch  20 | Final Loss: 55.7891
  -> Spikes Fired: 18417002 (2.29%) | True ACs: 2329856256
Memulai Epoch 21...
Epoch  21 | Final Loss: 55.8516
  -> Spikes Fired: 19321020 (2.29%) | True ACs: 2444194560
Memulai Epoch 22...
Epoch  22 | Final Loss: 55.8516
  -> Spikes Fired: 20226299 (2.29%) | True ACs: 2558694272
Memulai Epoch 23...
Epoch  23 | Final Loss: 55.8516
  -> Spikes Fired: 21131290 (2.29%) | True ACs: 2673157120
Memulai Epoch 24...
Epoch  24 | Final Loss: 55.8516
  -> Spikes Fired: 22033910 (2.28%) | True ACs: 2787316480
Memulai Epoch 25...
Epoch  25 | Final Loss: 55.8438
  -> Spikes Fired: 22945999 (2.28%) | True ACs: 2902687872
Memulai Epoch 26...
Epoch  26 | Final Loss: 55.7891
  -> Spikes Fired: 23859528 (2.28%) | True ACs: 3018243584
Memulai Epoch 27...
Epoch  27 | Final Loss: 55.8125
  -> Spikes Fired: 24772425 (2.28%) | True ACs: 3133718400
Memulai Epoch 28...
Epoch  28 | Final Loss: 55.8359
  -> Spikes Fired: 25682913 (2.28%) | True ACs: 3248884864
Memulai Epoch 29...
Epoch  29 | Final Loss: 55.8438
  -> Spikes Fired: 26585502 (2.28%) | True ACs: 3363040256
Memulai Epoch 30...
Epoch  30 | Final Loss: 55.8359
  -> Spikes Fired: 27489992 (2.28%) | True ACs: 3477438976
Memulai Epoch 31...
Epoch  31 | Final Loss: 55.8516
  -> Spikes Fired: 28396749 (2.28%) | True ACs: 3592127872
Memulai Epoch 32...
Epoch  32 | Final Loss: 55.8516
  -> Spikes Fired: 29303528 (2.28%) | True ACs: 3706819584
Memulai Epoch 33...
Epoch  33 | Final Loss: 55.8516
  -> Spikes Fired: 30210241 (2.28%) | True ACs: 3821502848
Memulai Epoch 34...
Epoch  34 | Final Loss: 55.8516
  -> Spikes Fired: 31116848 (2.28%) | True ACs: 3936172544
Memulai Epoch 35...
Epoch  35 | Final Loss: 55.8516
  -> Spikes Fired: 32023474 (2.28%) | True ACs: 4050844672
Memulai Epoch 36...
Epoch  36 | Final Loss: 55.8516
  -> Spikes Fired: 32930014 (2.28%) | True ACs: 4165505792
Memulai Epoch 37...
Epoch  37 | Final Loss: 55.8516
  -> Spikes Fired: 33836424 (2.28%) | True ACs: 4280150272
Memulai Epoch 38...
Epoch  38 | Final Loss: 55.8516
  -> Spikes Fired: 34742774 (2.28%) | True ACs: 4394787072
Memulai Epoch 39...
Epoch  39 | Final Loss: 55.8516
  -> Spikes Fired: 35649152 (2.27%) | True ACs: 4509427456
Memulai Epoch 40...
Epoch  40 | Final Loss: 55.8516
  -> Spikes Fired: 36555529 (2.27%) | True ACs: 4624067712
Memulai Epoch 41...
Epoch  41 | Final Loss: 55.8516
  -> Spikes Fired: 37461963 (2.27%) | True ACs: 4738715264
Memulai Epoch 42...
Epoch  42 | Final Loss: 55.8516
  -> Spikes Fired: 38368371 (2.27%) | True ACs: 4853359488
Memulai Epoch 43...
Epoch  43 | Final Loss: 55.8516
  -> Spikes Fired: 39274809 (2.27%) | True ACs: 4968007552
Memulai Epoch 44...
Epoch  44 | Final Loss: 59.6250
  -> Spikes Fired: 40175637 (2.27%) | True ACs: 5081937536
Memulai Epoch 45...
Epoch  45 | Final Loss: 60.7344
  -> Spikes Fired: 41028909 (2.27%) | True ACs: 5189780352
Memulai Epoch 46...
Epoch  46 | Final Loss: 57.1172
  -> Spikes Fired: 41896690 (2.27%) | True ACs: 5299480320
Memulai Epoch 47...
Epoch  47 | Final Loss: 58.6875
  -> Spikes Fired: 42754129 (2.26%) | True ACs: 5407856512
Memulai Epoch 48...
Epoch  48 | Final Loss: 58.3516
  -> Spikes Fired: 43604894 (2.26%) | True ACs: 5515378432
Memulai Epoch 49...
Epoch  49 | Final Loss: 58.2969
  -> Spikes Fired: 44461256 (2.26%) | True ACs: 5623616768
Memulai Epoch 50...
Epoch  50 | Final Loss: 58.2969
  -> Spikes Fired: 45317618 (2.26%) | True ACs: 5731855104
=== Memulai Pelatihan SNN Multithreading (Phase 7) ===
Memulai Epoch 1...
Epoch   1 | Final Loss: 54.5703
  -> Spikes Fired: 919643 (2.29%) | True ACs: 116339840
🌟 Loss membaik dari 340282346638528859811704183484516925440.0000 ke 54.5703! Menyimpan checkpoint...
Memulai Epoch 2...
Epoch   2 | Final Loss: 58.8125
  -> Spikes Fired: 1930950 (2.40%) | True ACs: 244412672
Memulai Epoch 3...
Epoch   3 | Final Loss: 58.5859
  -> Spikes Fired: 2964851 (2.46%) | True ACs: 375377536
Memulai Epoch 4...
Epoch   4 | Final Loss: 58.7188
  -> Spikes Fired: 3950305 (2.46%) | True ACs: 500141184
Memulai Epoch 5...
Epoch   5 | Final Loss: 59.0781
  -> Spikes Fired: 4896857 (2.44%) | True ACs: 619925376
Memulai Epoch 6...
Epoch   6 | Final Loss: 59.1719
  -> Spikes Fired: 5806726 (2.41%) | True ACs: 735014144
Memulai Epoch 7...
Epoch   7 | Final Loss: 59.1719
  -> Spikes Fired: 6715816 (2.39%) | True ACs: 850003200
Memulai Epoch 8...
Epoch   8 | Final Loss: 59.1641
  -> Spikes Fired: 7634638 (2.37%) | True ACs: 966237952
Memulai Epoch 9...
Epoch   9 | Final Loss: 59.1406
  -> Spikes Fired: 8579351 (2.37%) | True ACs: 1085786752
Memulai Epoch 10...
Epoch  10 | Final Loss: 59.7344
  -> Spikes Fired: 9525459 (2.37%) | True ACs: 1205514112
Memulai Epoch 11...
Epoch  11 | Final Loss: 59.8594
  -> Spikes Fired: 10420379 (2.36%) | True ACs: 1318689408
Memulai Epoch 12...
Epoch  12 | Final Loss: 58.1562
  -> Spikes Fired: 11252192 (2.33%) | True ACs: 1423787008
Memulai Epoch 13...
Epoch  13 | Final Loss: 58.3594
  -> Spikes Fired: 12120988 (2.32%) | True ACs: 1533618432
Memulai Epoch 14...
Epoch  14 | Final Loss: 51.7344
  -> Spikes Fired: 12949213 (2.30%) | True ACs: 1638256768
🌟 Loss membaik dari 54.5703 ke 51.7344! Menyimpan checkpoint...
Memulai Epoch 15...
Epoch  15 | Final Loss: 58.8438
  -> Spikes Fired: 13778446 (2.29%) | True ACs: 1743024128
Memulai Epoch 16...
Epoch  16 | Final Loss: 58.2969
  -> Spikes Fired: 14605623 (2.27%) | True ACs: 1847528320
Memulai Epoch 17...
Epoch  17 | Final Loss: 58.2969
  -> Spikes Fired: 15432800 (2.26%) | True ACs: 1952032512
Memulai Epoch 18...
Epoch  18 | Final Loss: 58.2969
  -> Spikes Fired: 16259977 (2.25%) | True ACs: 2056536704
Memulai Epoch 19...
Epoch  19 | Final Loss: 58.2969
  -> Spikes Fired: 17087154 (2.24%) | True ACs: 2161040896
Memulai Epoch 20...
Epoch  20 | Final Loss: 58.2969
  -> Spikes Fired: 17914331 (2.23%) | True ACs: 2265545088
Memulai Epoch 21...
Epoch  21 | Final Loss: 58.2969
  -> Spikes Fired: 18741508 (2.22%) | True ACs: 2370049280
Memulai Epoch 22...
Epoch  22 | Final Loss: 58.2969
  -> Spikes Fired: 19568685 (2.21%) | True ACs: 2474553472
Memulai Epoch 23...
Epoch  23 | Final Loss: 58.2969
  -> Spikes Fired: 20395862 (2.21%) | True ACs: 2579057664
Memulai Epoch 24...
Epoch  24 | Final Loss: 58.2969
  -> Spikes Fired: 21223039 (2.20%) | True ACs: 2683561856
Memulai Epoch 25...
Epoch  25 | Final Loss: 30.3125
  -> Spikes Fired: 21979737 (2.19%) | True ACs: 2779044736
🌟 Loss membaik dari 51.7344 ke 30.3125! Menyimpan checkpoint...
Memulai Epoch 26...
Epoch  26 | Final Loss: 19.7500
  -> Spikes Fired: 22659931 (2.17%) | True ACs: 2864735104
🌟 Loss membaik dari 30.3125 ke 19.7500! Menyimpan checkpoint...
Memulai Epoch 27...
Epoch  27 | Final Loss: 19.6406
  -> Spikes Fired: 23339204 (2.15%) | True ACs: 2950307584
🌟 Loss membaik dari 19.7500 ke 19.6406! Menyimpan checkpoint...
Memulai Epoch 28...
Epoch  28 | Final Loss: 19.6406
  -> Spikes Fired: 24018477 (2.13%) | True ACs: 3035880064
Memulai Epoch 29...
Epoch  29 | Final Loss: 19.6406
  -> Spikes Fired: 24697750 (2.12%) | True ACs: 3121452544
Memulai Epoch 30...
Epoch  30 | Final Loss: 19.6406
  -> Spikes Fired: 25377023 (2.11%) | True ACs: 3207025024
Memulai Epoch 31...
Epoch  31 | Final Loss: 19.6406
  -> Spikes Fired: 26056296 (2.09%) | True ACs: 3292597504
Memulai Epoch 32...
Epoch  32 | Final Loss: 19.6406
  -> Spikes Fired: 26735569 (2.08%) | True ACs: 3378169984
Memulai Epoch 33...
Epoch  33 | Final Loss: 19.6406
  -> Spikes Fired: 27414842 (2.07%) | True ACs: 3463742464
Memulai Epoch 34...
Epoch  34 | Final Loss: 19.6406
  -> Spikes Fired: 28094115 (2.06%) | True ACs: 3549314944
Memulai Epoch 35...
Epoch  35 | Final Loss: 19.6406
  -> Spikes Fired: 28773388 (2.05%) | True ACs: 3634887424
Memulai Epoch 36...
Epoch  36 | Final Loss: 19.6406
  -> Spikes Fired: 29452661 (2.04%) | True ACs: 3720459904
Memulai Epoch 37...
Epoch  37 | Final Loss: 19.6406
  -> Spikes Fired: 30131934 (2.03%) | True ACs: 3806032384
Memulai Epoch 38...
Epoch  38 | Final Loss: 19.6406
  -> Spikes Fired: 30811207 (2.02%) | True ACs: 3891604864
Memulai Epoch 39...
Epoch  39 | Final Loss: 19.6406
  -> Spikes Fired: 31490480 (2.01%) | True ACs: 3977177344
Memulai Epoch 40...
Epoch  40 | Final Loss: 19.6406
  -> Spikes Fired: 32169753 (2.00%) | True ACs: 4062749824
Memulai Epoch 41...
Epoch  41 | Final Loss: 19.6406
  -> Spikes Fired: 32849026 (1.99%) | True ACs: 4148322304
Memulai Epoch 42...
Epoch  42 | Final Loss: 19.6406
  -> Spikes Fired: 33528299 (1.99%) | True ACs: 4233894784
Memulai Epoch 43...
Epoch  43 | Final Loss: 19.5781
  -> Spikes Fired: 34208536 (1.98%) | True ACs: 4319590656
🌟 Loss membaik dari 19.6406 ke 19.5781! Menyimpan checkpoint...
Memulai Epoch 44...
Epoch  44 | Final Loss: 19.6406
  -> Spikes Fired: 34887809 (1.97%) | True ACs: 4405163136
Memulai Epoch 45...
Epoch  45 | Final Loss: 19.6406
  -> Spikes Fired: 35567082 (1.97%) | True ACs: 4490735616
Memulai Epoch 46...
Epoch  46 | Final Loss: 19.6406
  -> Spikes Fired: 36246355 (1.96%) | True ACs: 4576308096
Memulai Epoch 47...
Epoch  47 | Final Loss: 19.5781
  -> Spikes Fired: 36926592 (1.96%) | True ACs: 4662003968
Memulai Epoch 48...
Epoch  48 | Final Loss: 19.6406
  -> Spikes Fired: 37605865 (1.95%) | True ACs: 4747576448
Memulai Epoch 49...
Epoch  49 | Final Loss: 19.6406
  -> Spikes Fired: 38285138 (1.94%) | True ACs: 4833148928
Memulai Epoch 50...
Epoch  50 | Final Loss: 19.6406
  -> Spikes Fired: 38964411 (1.94%) | True ACs: 4918721408
=== Memulai Pelatihan SNN Multithreading (Phase 7) ===
Memulai Epoch 1...
Epoch   1 | Final Loss: 20.0156
  -> Spikes Fired: 6565 (0.02%) | True ACs: 781952
🌟 Loss membaik dari 340282346638528859811704183484516925440.0000 ke 20.0156! Menyimpan checkpoint...
Memulai Epoch 2...
Epoch   2 | Final Loss: 20.0312
  -> Spikes Fired: 24216 (0.03%) | True ACs: 2982912
Memulai Epoch 3...
Epoch   3 | Final Loss: 23.8203
  -> Spikes Fired: 59474 (0.05%) | True ACs: 7437568
Memulai Epoch 4...
Epoch   4 | Final Loss: 19.0938
  -> Spikes Fired: 86624 (0.05%) | True ACs: 10854400
🌟 Loss membaik dari 20.0156 ke 19.0938! Menyimpan checkpoint...
Memulai Epoch 5...
Epoch   5 | Final Loss: 18.7656
  -> Spikes Fired: 96839 (0.05%) | True ACs: 12103552
🌟 Loss membaik dari 19.0938 ke 18.7656! Menyimpan checkpoint...
Memulai Epoch 6...
Epoch   6 | Final Loss: 18.9531
  -> Spikes Fired: 119904 (0.05%) | True ACs: 14997504
Memulai Epoch 7...
Epoch   7 | Final Loss: 19.2031
  -> Spikes Fired: 134178 (0.05%) | True ACs: 16766208
Memulai Epoch 8...
Epoch   8 | Final Loss: 18.8281
  -> Spikes Fired: 150248 (0.05%) | True ACs: 18764800
Memulai Epoch 9...
Epoch   9 | Final Loss: 18.3203
  -> Spikes Fired: 161993 (0.04%) | True ACs: 20209792
🌟 Loss membaik dari 18.7656 ke 18.3203! Menyimpan checkpoint...
Memulai Epoch 10...
Epoch  10 | Final Loss: 19.3359
  -> Spikes Fired: 167997 (0.04%) | True ACs: 20919936
Memulai Epoch 11...
Epoch  11 | Final Loss: 19.1328
  -> Spikes Fired: 174876 (0.04%) | True ACs: 21742080
Memulai Epoch 12...
Epoch  12 | Final Loss: 18.9297
  -> Spikes Fired: 198379 (0.04%) | True ACs: 24692096
Memulai Epoch 13...
Epoch  13 | Final Loss: 19.3516
  -> Spikes Fired: 212161 (0.04%) | True ACs: 26397824
Memulai Epoch 14...
Epoch  14 | Final Loss: 18.1953
  -> Spikes Fired: 224206 (0.04%) | True ACs: 27881216
🌟 Loss membaik dari 18.3203 ke 18.1953! Menyimpan checkpoint...
Memulai Epoch 15...
Epoch  15 | Final Loss: 17.7500
  -> Spikes Fired: 230339 (0.04%) | True ACs: 28607872
🌟 Loss membaik dari 18.1953 ke 17.7500! Menyimpan checkpoint...
Memulai Epoch 16...
Epoch  16 | Final Loss: 19.0625
  -> Spikes Fired: 236175 (0.04%) | True ACs: 29296512
Memulai Epoch 17...
Epoch  17 | Final Loss: 19.1094
  -> Spikes Fired: 243226 (0.04%) | True ACs: 30140672
Memulai Epoch 18...
Epoch  18 | Final Loss: 19.0938
  -> Spikes Fired: 265668 (0.04%) | True ACs: 32954880
Memulai Epoch 19...
Epoch  19 | Final Loss: 18.5938
  -> Spikes Fired: 279279 (0.04%) | True ACs: 34638720
Memulai Epoch 20...
Epoch  20 | Final Loss: 18.2969
  -> Spikes Fired: 295478 (0.04%) | True ACs: 36653824
Memulai Epoch 21...
Epoch  21 | Final Loss: 18.4844
  -> Spikes Fired: 313419 (0.04%) | True ACs: 38891904
Memulai Epoch 22...
Epoch  22 | Final Loss: 17.7266
  -> Spikes Fired: 325700 (0.04%) | True ACs: 40405504
🌟 Loss membaik dari 17.7500 ke 17.7266! Menyimpan checkpoint...
Memulai Epoch 23...
Epoch  23 | Final Loss: 19.0000
  -> Spikes Fired: 335692 (0.04%) | True ACs: 41626112
Memulai Epoch 24...
Epoch  24 | Final Loss: 18.2734
  -> Spikes Fired: 359085 (0.04%) | True ACs: 44562048
Memulai Epoch 25...
Epoch  25 | Final Loss: 18.3906
  -> Spikes Fired: 371475 (0.04%) | True ACs: 46089600
Memulai Epoch 26...
Epoch  26 | Final Loss: 17.9922
  -> Spikes Fired: 389728 (0.04%) | True ACs: 48367616
Memulai Epoch 27...
Epoch  27 | Final Loss: 17.9609
  -> Spikes Fired: 395961 (0.04%) | True ACs: 49107072
Memulai Epoch 28...
Epoch  28 | Final Loss: 18.3672
  -> Spikes Fired: 403144 (0.04%) | True ACs: 49968128
Memulai Epoch 29...
Epoch  29 | Final Loss: 19.7031
  -> Spikes Fired: 432570 (0.04%) | True ACs: 53676288
Memulai Epoch 30...
Epoch  30 | Final Loss: 19.2734
  -> Spikes Fired: 464543 (0.04%) | True ACs: 57710464
Memulai Epoch 31...
Epoch  31 | Final Loss: 19.0391
  -> Spikes Fired: 495776 (0.04%) | True ACs: 61649920
Memulai Epoch 32...
Epoch  32 | Final Loss: 17.6875
  -> Spikes Fired: 519055 (0.04%) | True ACs: 64571264
🌟 Loss membaik dari 17.7266 ke 17.6875! Menyimpan checkpoint...
Memulai Epoch 33...
Epoch  33 | Final Loss: 17.8438
  -> Spikes Fired: 533379 (0.04%) | True ACs: 66346368
Memulai Epoch 34...
Epoch  34 | Final Loss: 17.8281
  -> Spikes Fired: 544796 (0.04%) | True ACs: 67749376
Memulai Epoch 35...
Epoch  35 | Final Loss: 17.5234
  -> Spikes Fired: 567946 (0.04%) | True ACs: 70654208
🌟 Loss membaik dari 17.6875 ke 17.5234! Menyimpan checkpoint...
Memulai Epoch 36...
Epoch  36 | Final Loss: 18.0156
  -> Spikes Fired: 583062 (0.04%) | True ACs: 72530688
Memulai Epoch 37...
Epoch  37 | Final Loss: 17.3828
  -> Spikes Fired: 594114 (0.04%) | True ACs: 73886976
🌟 Loss membaik dari 17.5234 ke 17.3828! Menyimpan checkpoint...
Memulai Epoch 38...
Epoch  38 | Final Loss: 17.0625
  -> Spikes Fired: 617577 (0.04%) | True ACs: 76831872
🌟 Loss membaik dari 17.3828 ke 17.0625! Menyimpan checkpoint...
Memulai Epoch 39...
Epoch  39 | Final Loss: 17.6250
  -> Spikes Fired: 632966 (0.04%) | True ACs: 78743296
Memulai Epoch 40...
Epoch  40 | Final Loss: 17.8750
  -> Spikes Fired: 651639 (0.04%) | True ACs: 81075072
Memulai Epoch 41...
Epoch  41 | Final Loss: 16.8750
  -> Spikes Fired: 664150 (0.04%) | True ACs: 82618112
🌟 Loss membaik dari 17.0625 ke 16.8750! Menyimpan checkpoint...
Memulai Epoch 42...
Epoch  42 | Final Loss: 17.8281
  -> Spikes Fired: 671477 (0.04%) | True ACs: 83497600
Memulai Epoch 43...
Epoch  43 | Final Loss: 17.0156
  -> Spikes Fired: 689662 (0.04%) | True ACs: 85766912
Memulai Epoch 44...
Epoch  44 | Final Loss: 17.1328
  -> Spikes Fired: 696116 (0.04%) | True ACs: 86534656
Memulai Epoch 45...
Epoch  45 | Final Loss: 18.6094
  -> Spikes Fired: 704385 (0.04%) | True ACs: 87534720
Memulai Epoch 46...
Epoch  46 | Final Loss: 18.4141
  -> Spikes Fired: 737223 (0.04%) | True ACs: 91679616
Memulai Epoch 47...
Epoch  47 | Final Loss: 17.4922
  -> Spikes Fired: 760417 (0.04%) | True ACs: 94590080
Memulai Epoch 48...
Epoch  48 | Final Loss: 17.4219
  -> Spikes Fired: 777006 (0.04%) | True ACs: 96655104
Memulai Epoch 49...
Epoch  49 | Final Loss: 17.5703
  -> Spikes Fired: 807885 (0.04%) | True ACs: 100549248
Memulai Epoch 50...
Epoch  50 | Final Loss: 17.5938
  -> Spikes Fired: 829652 (0.04%) | True ACs: 103277056
=== Memulai Pelatihan SNN Multithreading Full Scale (500k) ===
Memulai Epoch 1...
=== Memulai Pelatihan SNN Multithreading Full Scale (500k) ===
Memulai Epoch 1...
=== Memulai Pelatihan SNN Multithreading Full Scale (500k) ===
Memulai Epoch 1...
Epoch   1 | Final Loss: 16.8280
  -> Spikes Fired: 8301931 (0.01%) | True ACs: 1023877952
🌟 Loss membaik dari 340282346638528859811704183484516925440.0000 ke 16.8280! Menyimpan checkpoint...
Memulai Epoch 2...
Epoch   2 | Final Loss: 17.7264
  -> Spikes Fired: 14712542 (0.01%) | True ACs: 1805666944
Memulai Epoch 3...
Epoch   3 | Final Loss: 18.1338
  -> Spikes Fired: 21445114 (0.01%) | True ACs: 2628666944
Memulai Epoch 4...
Epoch   4 | Final Loss: 18.3629
  -> Spikes Fired: 28413870 (0.01%) | True ACs: 3481898496
Memulai Epoch 5...
Epoch   5 | Final Loss: 18.5417
  -> Spikes Fired: 35589293 (0.01%) | True ACs: 4361583424
Memulai Epoch 6...
Epoch   6 | Final Loss: 18.6666
  -> Spikes Fired: 42951712 (0.01%) | True ACs: 5265203840
Memulai Epoch 7...
Epoch   7 | Final Loss: 18.7591
  -> Spikes Fired: 50424605 (0.01%) | True ACs: 6182964928
Memulai Epoch 8...
Epoch   8 | Final Loss: 18.8713
  -> Spikes Fired: 58097044 (0.01%) | True ACs: 7126267904
Memulai Epoch 9...
Epoch   9 | Final Loss: 18.9417
  -> Spikes Fired: 65934906 (0.01%) | True ACs: 8090745024
Memulai Epoch 10...
Epoch  10 | Final Loss: 18.9232
  -> Spikes Fired: 73680325 (0.01%) | True ACs: 9043389440
